Archive member included to satisfy reference by file (symbol)

esp-idf/main/libmain.a(bootloader_start.c.obj)
                              (call_start_cpu)
esp-idf/bootloader_support/libbootloader_support.a(bootloader_init.c.obj)
                              esp-idf/main/libmain.a(bootloader_start.c.obj) (bootloader_init)
esp-idf/bootloader_support/libbootloader_support.a(bootloader_utility.c.obj)
                              esp-idf/main/libmain.a(bootloader_start.c.obj) (bootloader_utility_load_partition_table)
esp-idf/bootloader_support/libbootloader_support.a(bootloader_common.c.obj)
                              esp-idf/bootloader_support/libbootloader_support.a(bootloader_utility.c.obj) (bootloader_common_ota_select_valid)
esp-idf/bootloader_support/libbootloader_support.a(esp_image_format.c.obj)
                              esp-idf/bootloader_support/libbootloader_support.a(bootloader_utility.c.obj) (esp_image_load)
esp-idf/bootloader_support/libbootloader_support.a(bootloader_flash.c.obj)
                              esp-idf/bootloader_support/libbootloader_support.a(bootloader_utility.c.obj) (bootloader_mmap)
esp-idf/bootloader_support/libbootloader_support.a(flash_partitions.c.obj)
                              esp-idf/bootloader_support/libbootloader_support.a(bootloader_utility.c.obj) (esp_partition_table_basic_verify)
esp-idf/spi_flash/libspi_flash.a(spi_flash.c.obj)
                              esp-idf/bootloader_support/libbootloader_support.a(flash_partitions.c.obj) (g_rom_flashchip)
esp-idf/spi_flash/libspi_flash.a(spi_flash_raw.c.obj)
                              esp-idf/spi_flash/libspi_flash.a(spi_flash.c.obj) (spi_flash_get_id_raw)
esp-idf/log/liblog.a(log.c.obj)
                              esp-idf/bootloader_support/libbootloader_support.a(bootloader_common.c.obj) (esp_log_early_timestamp)
esp-idf/esp8266/libesp8266.a(ets_printf.c.obj)
                              esp-idf/log/liblog.a(log.c.obj) (ets_vprintf)
esp-idf/esp8266/libesp8266.a(crc.c.obj)
                              esp-idf/bootloader_support/libbootloader_support.a(bootloader_common.c.obj) (crc32_le)
esp-idf/esp8266/libesp8266.a(esp_fast_boot.c.obj)
                              esp-idf/bootloader_support/libbootloader_support.a(bootloader_utility.c.obj) (esp_fast_boot_get_info)
/home/nano/esp/ESP8266_RTOS_SDK/components/esp8266/lib/libcore.a(phy.o)
                              esp-idf/bootloader_support/libbootloader_support.a(bootloader_init.c.obj) (phy_reg_default)
/home/nano/esp/ESP8266_RTOS_SDK/components/esp8266/lib/libcore.a(uart.o)
                              esp-idf/bootloader_support/libbootloader_support.a(bootloader_init.c.obj) (uart_div_modify)

Allocating common symbols
Common symbol       size              file

esp_image_spi_freq_t
                    0x4               esp-idf/main/libmain.a(bootloader_start.c.obj)

Discarded input sections

 .text          0x0000000000000000        0x0 CMakeFiles/bootloader.elf.dir/project_elf_src.c.obj
 .data          0x0000000000000000        0x0 CMakeFiles/bootloader.elf.dir/project_elf_src.c.obj
 .bss           0x0000000000000000        0x0 CMakeFiles/bootloader.elf.dir/project_elf_src.c.obj
 .text          0x0000000000000000        0x0 esp-idf/main/libmain.a(bootloader_start.c.obj)
 .data          0x0000000000000000        0x0 esp-idf/main/libmain.a(bootloader_start.c.obj)
 .bss           0x0000000000000000        0x0 esp-idf/main/libmain.a(bootloader_start.c.obj)
 .xt.lit        0x0000000000000000       0x18 esp-idf/main/libmain.a(bootloader_start.c.obj)
 .xt.prop       0x0000000000000000       0xe4 esp-idf/main/libmain.a(bootloader_start.c.obj)
 COMMON         0x0000000000000000        0x4 esp-idf/main/libmain.a(bootloader_start.c.obj)
 .text          0x0000000000000000        0x0 esp-idf/bootloader_support/libbootloader_support.a(bootloader_init.c.obj)
 .data          0x0000000000000000        0x0 esp-idf/bootloader_support/libbootloader_support.a(bootloader_init.c.obj)
 .bss           0x0000000000000000        0x0 esp-idf/bootloader_support/libbootloader_support.a(bootloader_init.c.obj)
 .xt.lit        0x0000000000000000       0x28 esp-idf/bootloader_support/libbootloader_support.a(bootloader_init.c.obj)
 .xt.prop       0x0000000000000000      0x258 esp-idf/bootloader_support/libbootloader_support.a(bootloader_init.c.obj)
 .literal.bootloader_utility_fast_boot_image
                0x0000000000000000        0x8 esp-idf/bootloader_support/libbootloader_support.a(bootloader_utility.c.obj)
 .text          0x0000000000000000        0x0 esp-idf/bootloader_support/libbootloader_support.a(bootloader_utility.c.obj)
 .data          0x0000000000000000        0x0 esp-idf/bootloader_support/libbootloader_support.a(bootloader_utility.c.obj)
 .bss           0x0000000000000000        0x0 esp-idf/bootloader_support/libbootloader_support.a(bootloader_utility.c.obj)
 .text.bootloader_utility_fast_boot_image
                0x0000000000000000       0x27 esp-idf/bootloader_support/libbootloader_support.a(bootloader_utility.c.obj)
 .xt.lit        0x0000000000000000       0x40 esp-idf/bootloader_support/libbootloader_support.a(bootloader_utility.c.obj)
 .xt.prop       0x0000000000000000      0x528 esp-idf/bootloader_support/libbootloader_support.a(bootloader_utility.c.obj)
 .literal.bootloader_common_check_long_hold_gpio
                0x0000000000000000       0x58 esp-idf/bootloader_support/libbootloader_support.a(bootloader_common.c.obj)
 .text          0x0000000000000000        0x0 esp-idf/bootloader_support/libbootloader_support.a(bootloader_common.c.obj)
 .data          0x0000000000000000        0x0 esp-idf/bootloader_support/libbootloader_support.a(bootloader_common.c.obj)
 .bss           0x0000000000000000        0x0 esp-idf/bootloader_support/libbootloader_support.a(bootloader_common.c.obj)
 .text.bootloader_common_check_long_hold_gpio
                0x0000000000000000      0x22c esp-idf/bootloader_support/libbootloader_support.a(bootloader_common.c.obj)
 .xt.lit        0x0000000000000000       0x18 esp-idf/bootloader_support/libbootloader_support.a(bootloader_common.c.obj)
 .xt.prop       0x0000000000000000      0x420 esp-idf/bootloader_support/libbootloader_support.a(bootloader_common.c.obj)
 .literal.esp_image_verify_bootloader
                0x0000000000000000        0x8 esp-idf/bootloader_support/libbootloader_support.a(esp_image_format.c.obj)
 .text          0x0000000000000000        0x0 esp-idf/bootloader_support/libbootloader_support.a(esp_image_format.c.obj)
 .data          0x0000000000000000        0x0 esp-idf/bootloader_support/libbootloader_support.a(esp_image_format.c.obj)
 .bss           0x0000000000000000        0x0 esp-idf/bootloader_support/libbootloader_support.a(esp_image_format.c.obj)
 .text.esp_image_verify_bootloader
                0x0000000000000000       0x41 esp-idf/bootloader_support/libbootloader_support.a(esp_image_format.c.obj)
 .xt.lit        0x0000000000000000       0x30 esp-idf/bootloader_support/libbootloader_support.a(esp_image_format.c.obj)
 .xt.prop       0x0000000000000000      0x3d8 esp-idf/bootloader_support/libbootloader_support.a(esp_image_format.c.obj)
 .literal.bootloader_flash_write
                0x0000000000000000       0x28 esp-idf/bootloader_support/libbootloader_support.a(bootloader_flash.c.obj)
 .literal.bootloader_flash_erase_sector
                0x0000000000000000        0x4 esp-idf/bootloader_support/libbootloader_support.a(bootloader_flash.c.obj)
 .text          0x0000000000000000        0x0 esp-idf/bootloader_support/libbootloader_support.a(bootloader_flash.c.obj)
 .data          0x0000000000000000        0x0 esp-idf/bootloader_support/libbootloader_support.a(bootloader_flash.c.obj)
 .bss           0x0000000000000000        0x0 esp-idf/bootloader_support/libbootloader_support.a(bootloader_flash.c.obj)
 .text.bootloader_flash_write
                0x0000000000000000       0x9d esp-idf/bootloader_support/libbootloader_support.a(bootloader_flash.c.obj)
 .text.bootloader_flash_erase_sector
                0x0000000000000000       0x15 esp-idf/bootloader_support/libbootloader_support.a(bootloader_flash.c.obj)
 .xt.lit        0x0000000000000000       0x30 esp-idf/bootloader_support/libbootloader_support.a(bootloader_flash.c.obj)
 .xt.prop       0x0000000000000000      0x264 esp-idf/bootloader_support/libbootloader_support.a(bootloader_flash.c.obj)
 .text          0x0000000000000000        0x0 esp-idf/bootloader_support/libbootloader_support.a(flash_partitions.c.obj)
 .data          0x0000000000000000        0x0 esp-idf/bootloader_support/libbootloader_support.a(flash_partitions.c.obj)
 .bss           0x0000000000000000        0x0 esp-idf/bootloader_support/libbootloader_support.a(flash_partitions.c.obj)
 .xt.lit        0x0000000000000000        0x8 esp-idf/bootloader_support/libbootloader_support.a(flash_partitions.c.obj)
 .xt.prop       0x0000000000000000       0xfc esp-idf/bootloader_support/libbootloader_support.a(flash_partitions.c.obj)
 .literal.spi_flash_program
                0x0000000000000000       0x20 esp-idf/spi_flash/libspi_flash.a(spi_flash.c.obj)
 .literal.__spi_flash_write
                0x0000000000000000        0x8 esp-idf/spi_flash/libspi_flash.a(spi_flash.c.obj)
 .literal.__spi_flash_read
                0x0000000000000000       0x10 esp-idf/spi_flash/libspi_flash.a(spi_flash.c.obj)
 .literal.spi_flash_write_status
                0x0000000000000000        0xc esp-idf/spi_flash/libspi_flash.a(spi_flash.c.obj)
 .literal.spi_flash_check_wr_protect
                0x0000000000000000       0x4c esp-idf/spi_flash/libspi_flash.a(spi_flash.c.obj)
 .literal.spi_flash_erase_sector
                0x0000000000000000       0x18 esp-idf/spi_flash/libspi_flash.a(spi_flash.c.obj)
 .literal.spi_flash_read
                0x0000000000000000       0x24 esp-idf/spi_flash/libspi_flash.a(spi_flash.c.obj)
 .literal.spi_flash_write
                0x0000000000000000       0x3c esp-idf/spi_flash/libspi_flash.a(spi_flash.c.obj)
 .literal.spi_flash_erase_range
                0x0000000000000000       0x10 esp-idf/spi_flash/libspi_flash.a(spi_flash.c.obj)
 .literal.spi_flash_cache2phys
                0x0000000000000000       0x14 esp-idf/spi_flash/libspi_flash.a(spi_flash.c.obj)
 .literal.spi_flash_get_chip_size
                0x0000000000000000        0x4 esp-idf/spi_flash/libspi_flash.a(spi_flash.c.obj)
 .text          0x0000000000000000        0x0 esp-idf/spi_flash/libspi_flash.a(spi_flash.c.obj)
 .data          0x0000000000000000        0x0 esp-idf/spi_flash/libspi_flash.a(spi_flash.c.obj)
 .bss           0x0000000000000000        0x0 esp-idf/spi_flash/libspi_flash.a(spi_flash.c.obj)
 .text.spi_flash_program
                0x0000000000000000       0xcb esp-idf/spi_flash/libspi_flash.a(spi_flash.c.obj)
 .text.__spi_flash_write
                0x0000000000000000       0x23 esp-idf/spi_flash/libspi_flash.a(spi_flash.c.obj)
 .text.__spi_flash_read
                0x0000000000000000       0x31 esp-idf/spi_flash/libspi_flash.a(spi_flash.c.obj)
 .text.spi_flash_write_status
                0x0000000000000000       0x2a esp-idf/spi_flash/libspi_flash.a(spi_flash.c.obj)
 .text.spi_flash_check_wr_protect
                0x0000000000000000      0x161 esp-idf/spi_flash/libspi_flash.a(spi_flash.c.obj)
 .text.spi_flash_erase_sector
                0x0000000000000000       0x56 esp-idf/spi_flash/libspi_flash.a(spi_flash.c.obj)
 .text.spi_flash_read
                0x0000000000000000      0x110 esp-idf/spi_flash/libspi_flash.a(spi_flash.c.obj)
 .text.spi_flash_write
                0x0000000000000000      0x170 esp-idf/spi_flash/libspi_flash.a(spi_flash.c.obj)
 .text.spi_flash_erase_range
                0x0000000000000000       0x6d esp-idf/spi_flash/libspi_flash.a(spi_flash.c.obj)
 .text.spi_flash_cache2phys
                0x0000000000000000       0x48 esp-idf/spi_flash/libspi_flash.a(spi_flash.c.obj)
 .text.spi_flash_get_chip_size
                0x0000000000000000        0x7 esp-idf/spi_flash/libspi_flash.a(spi_flash.c.obj)
 .xt.lit        0x0000000000000000       0xd0 esp-idf/spi_flash/libspi_flash.a(spi_flash.c.obj)
 .xt.prop       0x0000000000000000      0xbdc esp-idf/spi_flash/libspi_flash.a(spi_flash.c.obj)
 .literal.spi_flash_write_status_raw
                0x0000000000000000       0x1c esp-idf/spi_flash/libspi_flash.a(spi_flash_raw.c.obj)
 .literal.spi_flash_erase_sector_raw
                0x0000000000000000       0x14 esp-idf/spi_flash/libspi_flash.a(spi_flash_raw.c.obj)
 .literal.spi_flash_write_raw
                0x0000000000000000        0xc esp-idf/spi_flash/libspi_flash.a(spi_flash_raw.c.obj)
 .literal.spi_flash_read_raw
                0x0000000000000000        0xc esp-idf/spi_flash/libspi_flash.a(spi_flash_raw.c.obj)
 .text          0x0000000000000000        0x0 esp-idf/spi_flash/libspi_flash.a(spi_flash_raw.c.obj)
 .data          0x0000000000000000        0x0 esp-idf/spi_flash/libspi_flash.a(spi_flash_raw.c.obj)
 .bss           0x0000000000000000        0x0 esp-idf/spi_flash/libspi_flash.a(spi_flash_raw.c.obj)
 .text.spi_flash_write_status_raw
                0x0000000000000000       0x5c esp-idf/spi_flash/libspi_flash.a(spi_flash_raw.c.obj)
 .text.spi_flash_erase_sector_raw
                0x0000000000000000       0x54 esp-idf/spi_flash/libspi_flash.a(spi_flash_raw.c.obj)
 .text.spi_flash_write_raw
                0x0000000000000000       0x43 esp-idf/spi_flash/libspi_flash.a(spi_flash_raw.c.obj)
 .text.spi_flash_read_raw
                0x0000000000000000       0x43 esp-idf/spi_flash/libspi_flash.a(spi_flash_raw.c.obj)
 .xt.lit        0x0000000000000000       0x58 esp-idf/spi_flash/libspi_flash.a(spi_flash_raw.c.obj)
 .xt.prop       0x0000000000000000      0x360 esp-idf/spi_flash/libspi_flash.a(spi_flash_raw.c.obj)
 .text          0x0000000000000000        0x0 esp-idf/log/liblog.a(log.c.obj)
 .data          0x0000000000000000        0x0 esp-idf/log/liblog.a(log.c.obj)
 .bss           0x0000000000000000        0x0 esp-idf/log/liblog.a(log.c.obj)
 .xt.lit        0x0000000000000000       0x10 esp-idf/log/liblog.a(log.c.obj)
 .xt.prop       0x0000000000000000       0xcc esp-idf/log/liblog.a(log.c.obj)
 .text          0x0000000000000000        0x0 esp-idf/esp8266/libesp8266.a(ets_printf.c.obj)
 .data          0x0000000000000000        0x0 esp-idf/esp8266/libesp8266.a(ets_printf.c.obj)
 .bss           0x0000000000000000        0x0 esp-idf/esp8266/libesp8266.a(ets_printf.c.obj)
 .xt.lit        0x0000000000000000       0x20 esp-idf/esp8266/libesp8266.a(ets_printf.c.obj)
 .xt.prop       0x0000000000000000       0xcc esp-idf/esp8266/libesp8266.a(ets_printf.c.obj)
 .literal.crc16_le
                0x0000000000000000        0x4 esp-idf/esp8266/libesp8266.a(crc.c.obj)
 .literal.esp_crc8
                0x0000000000000000        0x4 esp-idf/esp8266/libesp8266.a(crc.c.obj)
 .text          0x0000000000000000        0x0 esp-idf/esp8266/libesp8266.a(crc.c.obj)
 .data          0x0000000000000000        0x0 esp-idf/esp8266/libesp8266.a(crc.c.obj)
 .bss           0x0000000000000000        0x0 esp-idf/esp8266/libesp8266.a(crc.c.obj)
 .text.crc16_le
                0x0000000000000000       0x39 esp-idf/esp8266/libesp8266.a(crc.c.obj)
 .text.esp_crc8
                0x0000000000000000       0x21 esp-idf/esp8266/libesp8266.a(crc.c.obj)
 .rodata.crc8_le_table
                0x0000000000000000      0x100 esp-idf/esp8266/libesp8266.a(crc.c.obj)
 .rodata.crc16_le_table
                0x0000000000000000      0x200 esp-idf/esp8266/libesp8266.a(crc.c.obj)
 .xt.lit        0x0000000000000000       0x18 esp-idf/esp8266/libesp8266.a(crc.c.obj)
 .xt.prop       0x0000000000000000       0xfc esp-idf/esp8266/libesp8266.a(crc.c.obj)
 .literal.esp_fast_boot_disable
                0x0000000000000000        0x4 esp-idf/esp8266/libesp8266.a(esp_fast_boot.c.obj)
 .literal.esp_fast_boot_get_info
                0x0000000000000000       0x2c esp-idf/esp8266/libesp8266.a(esp_fast_boot.c.obj)
 .literal.esp_fast_boot_print_info
                0x0000000000000000       0x2c esp-idf/esp8266/libesp8266.a(esp_fast_boot.c.obj)
 .text          0x0000000000000000        0x0 esp-idf/esp8266/libesp8266.a(esp_fast_boot.c.obj)
 .data          0x0000000000000000        0x0 esp-idf/esp8266/libesp8266.a(esp_fast_boot.c.obj)
 .bss           0x0000000000000000        0x0 esp-idf/esp8266/libesp8266.a(esp_fast_boot.c.obj)
 .text.esp_fast_boot_disable
                0x0000000000000000       0x11 esp-idf/esp8266/libesp8266.a(esp_fast_boot.c.obj)
 .rodata.str1.4
                0x0000000000000000       0x7d esp-idf/esp8266/libesp8266.a(esp_fast_boot.c.obj)
 .text.esp_fast_boot_get_info
                0x0000000000000000       0x86 esp-idf/esp8266/libesp8266.a(esp_fast_boot.c.obj)
 .text.esp_fast_boot_print_info
                0x0000000000000000       0x4d esp-idf/esp8266/libesp8266.a(esp_fast_boot.c.obj)
 .xt.lit        0x0000000000000000       0x18 esp-idf/esp8266/libesp8266.a(esp_fast_boot.c.obj)
 .xt.prop       0x0000000000000000       0xc0 esp-idf/esp8266/libesp8266.a(esp_fast_boot.c.obj)
 .literal.phy_reg_default
                0x0000000000000000        0x0 /home/nano/esp/ESP8266_RTOS_SDK/components/esp8266/lib/libcore.a(phy.o)
 .text          0x0000000000000000        0x0 /home/nano/esp/ESP8266_RTOS_SDK/components/esp8266/lib/libcore.a(phy.o)
 .data          0x0000000000000000        0x0 /home/nano/esp/ESP8266_RTOS_SDK/components/esp8266/lib/libcore.a(phy.o)
 .bss           0x0000000000000000        0x0 /home/nano/esp/ESP8266_RTOS_SDK/components/esp8266/lib/libcore.a(phy.o)
 .xt.lit        0x0000000000000000        0x8 /home/nano/esp/ESP8266_RTOS_SDK/components/esp8266/lib/libcore.a(phy.o)
 .xt.prop       0x0000000000000000       0x48 /home/nano/esp/ESP8266_RTOS_SDK/components/esp8266/lib/libcore.a(phy.o)
 .literal.uart_buff_switch
                0x0000000000000000        0x0 /home/nano/esp/ESP8266_RTOS_SDK/components/esp8266/lib/libcore.a(uart.o)
 .literal.uart_div_modify
                0x0000000000000000        0x0 /home/nano/esp/ESP8266_RTOS_SDK/components/esp8266/lib/libcore.a(uart.o)
 .literal.Uart_Init
                0x0000000000000000        0x0 /home/nano/esp/ESP8266_RTOS_SDK/components/esp8266/lib/libcore.a(uart.o)
 .text          0x0000000000000000        0x0 /home/nano/esp/ESP8266_RTOS_SDK/components/esp8266/lib/libcore.a(uart.o)
 .data          0x0000000000000000        0x0 /home/nano/esp/ESP8266_RTOS_SDK/components/esp8266/lib/libcore.a(uart.o)
 .bss           0x0000000000000000        0x0 /home/nano/esp/ESP8266_RTOS_SDK/components/esp8266/lib/libcore.a(uart.o)
 .text.uart_buff_switch
                0x0000000000000000        0x2 /home/nano/esp/ESP8266_RTOS_SDK/components/esp8266/lib/libcore.a(uart.o)
 .text.Uart_Init
                0x0000000000000000        0x2 /home/nano/esp/ESP8266_RTOS_SDK/components/esp8266/lib/libcore.a(uart.o)
 .xt.lit        0x0000000000000000        0x8 /home/nano/esp/ESP8266_RTOS_SDK/components/esp8266/lib/libcore.a(uart.o)
 .xt.prop       0x0000000000000000       0x78 /home/nano/esp/ESP8266_RTOS_SDK/components/esp8266/lib/libcore.a(uart.o)

Memory Configuration

Name             Origin             Length             Attributes
dport0_seg       0x000000003ff00000 0x0000000000000010
dram_seg         0x000000003ffe8000 0x0000000000017c00
iram_seg         0x0000000040100000 0x0000000000008000
*default*        0x0000000000000000 0xffffffffffffffff

Linker script and memory map

LOAD CMakeFiles/bootloader.elf.dir/project_elf_src.c.obj
LOAD esp-idf/log/liblog.a
LOAD esp-idf/esp8266/libesp8266.a
LOAD esp-idf/spi_flash/libspi_flash.a
LOAD esp-idf/bootloader_support/libbootloader_support.a
LOAD esp-idf/main/libmain.a
START GROUP
LOAD esp-idf/bootloader_support/libbootloader_support.a
LOAD esp-idf/spi_flash/libspi_flash.a
LOAD esp-idf/bootloader_support/libbootloader_support.a
LOAD esp-idf/spi_flash/libspi_flash.a
LOAD esp-idf/log/liblog.a
LOAD esp-idf/esp8266/libesp8266.a
LOAD esp-idf/log/liblog.a
LOAD esp-idf/esp8266/libesp8266.a
LOAD /home/nano/esp/ESP8266_RTOS_SDK/components/esp8266/lib/libcore.a

.text           0x0000000040100000     0x1af6
                0x0000000040100000                _stext = .
                0x0000000040100000                _text_start = ABSOLUTE (.)
                0x0000000040100000                . = ALIGN (0x10)
 *(.entry.text)
 *(.init.literal)
 *(.init)
 *(.literal .text .literal.* .text.* .stub .gnu.warning .gnu.linkonce.literal.* .gnu.linkonce.t.*.literal .gnu.linkonce.t.*)
 .literal.selected_boot_partition
                0x0000000040100000        0x0 esp-idf/main/libmain.a(bootloader_start.c.obj)
                                          0x4 (size before relaxing)
 .literal.select_image
                0x0000000040100000        0xc esp-idf/main/libmain.a(bootloader_start.c.obj)
                                         0x1c (size before relaxing)
 .literal.call_start_cpu
                0x000000004010000c        0x0 esp-idf/main/libmain.a(bootloader_start.c.obj)
                                          0xc (size before relaxing)
 .literal.print_flash_info
                0x000000004010000c       0x48 esp-idf/bootloader_support/libbootloader_support.a(bootloader_init.c.obj)
                                         0x54 (size before relaxing)
 .literal.uart_console_configure
                0x0000000040100054        0x0 esp-idf/bootloader_support/libbootloader_support.a(bootloader_init.c.obj)
                                          0x4 (size before relaxing)
 .literal.update_flash_config
                0x0000000040100054        0x4 esp-idf/bootloader_support/libbootloader_support.a(bootloader_init.c.obj)
                                          0x8 (size before relaxing)
 .literal.bootloader_main
                0x0000000040100058       0x10 esp-idf/bootloader_support/libbootloader_support.a(bootloader_init.c.obj)
                                         0x34 (size before relaxing)
 .literal.bootloader_init
                0x0000000040100068        0x8 esp-idf/bootloader_support/libbootloader_support.a(bootloader_init.c.obj)
                                         0x10 (size before relaxing)
 .literal.bootloader_utility_start_image
                0x0000000040100070        0x0 esp-idf/bootloader_support/libbootloader_support.a(bootloader_utility.c.obj)
                                          0x4 (size before relaxing)
 .literal.log_invalid_app_partition
                0x0000000040100070       0x14 esp-idf/bootloader_support/libbootloader_support.a(bootloader_utility.c.obj)
                                         0x20 (size before relaxing)
 .literal.try_load_partition
                0x0000000040100084        0x4 esp-idf/bootloader_support/libbootloader_support.a(bootloader_utility.c.obj)
                                         0x10 (size before relaxing)
 .literal.bootloader_utility_load_partition_table
                0x0000000040100088       0x4c esp-idf/bootloader_support/libbootloader_support.a(bootloader_utility.c.obj)
                                         0x74 (size before relaxing)
 .literal.bootloader_utility_get_selected_boot_partition
                0x00000000401000d4       0x1c esp-idf/bootloader_support/libbootloader_support.a(bootloader_utility.c.obj)
                                         0x5c (size before relaxing)
 .literal.bootloader_utility_load_boot_image
                0x00000000401000f0        0xc esp-idf/bootloader_support/libbootloader_support.a(bootloader_utility.c.obj)
                                         0x40 (size before relaxing)
 .literal.bootloader_utility_load_image
                0x00000000401000fc        0x0 esp-idf/bootloader_support/libbootloader_support.a(bootloader_utility.c.obj)
                                          0x4 (size before relaxing)
 .literal.bootloader_common_ota_select_crc
                0x00000000401000fc        0x0 esp-idf/bootloader_support/libbootloader_support.a(bootloader_common.c.obj)
                                          0x4 (size before relaxing)
 .literal.bootloader_common_ota_select_valid
                0x00000000401000fc        0x0 esp-idf/bootloader_support/libbootloader_support.a(bootloader_common.c.obj)
                                          0x4 (size before relaxing)
 .literal.should_map
                0x00000000401000fc        0x8 esp-idf/bootloader_support/libbootloader_support.a(esp_image_format.c.obj)
 .literal.should_load
                0x0000000040100104        0x0 esp-idf/bootloader_support/libbootloader_support.a(esp_image_format.c.obj)
                                          0x4 (size before relaxing)
 .literal.verify_image_header
                0x0000000040100104       0x14 esp-idf/bootloader_support/libbootloader_support.a(esp_image_format.c.obj)
                                         0x20 (size before relaxing)
 .literal.process_segment
                0x0000000040100118       0x18 esp-idf/bootloader_support/libbootloader_support.a(esp_image_format.c.obj)
                                         0x40 (size before relaxing)
 .literal.esp_image_load
                0x0000000040100130       0x14 esp-idf/bootloader_support/libbootloader_support.a(esp_image_format.c.obj)
                                         0x44 (size before relaxing)
 .literal.bootloader_flash_read_no_decrypt
                0x0000000040100144        0x4 esp-idf/bootloader_support/libbootloader_support.a(bootloader_flash.c.obj)
 .literal.bootloader_mmap
                0x0000000040100148       0x2c esp-idf/bootloader_support/libbootloader_support.a(bootloader_flash.c.obj)
                                         0x3c (size before relaxing)
 .literal.bootloader_munmap
                0x0000000040100174        0x0 esp-idf/bootloader_support/libbootloader_support.a(bootloader_flash.c.obj)
                                          0x8 (size before relaxing)
 .literal.bootloader_flash_read
                0x0000000040100174        0xc esp-idf/bootloader_support/libbootloader_support.a(bootloader_flash.c.obj)
                                         0x20 (size before relaxing)
 .literal.esp_partition_table_basic_verify
                0x0000000040100180       0x1c esp-idf/bootloader_support/libbootloader_support.a(flash_partitions.c.obj)
                                         0x2c (size before relaxing)
 .literal.spi_user_cmd
                0x000000004010019c        0x4 esp-idf/spi_flash/libspi_flash.a(spi_flash.c.obj)
                                          0xc (size before relaxing)
 .literal.special_flash_read_status
                0x00000000401001a0        0x0 esp-idf/spi_flash/libspi_flash.a(spi_flash.c.obj)
                                          0x4 (size before relaxing)
 .literal.flash_gd25q32c_read_status
                0x00000000401001a0        0x0 esp-idf/spi_flash/libspi_flash.a(spi_flash.c.obj)
                                          0x4 (size before relaxing)
 .literal.special_flash_write_status
                0x00000000401001a0        0x0 esp-idf/spi_flash/libspi_flash.a(spi_flash.c.obj)
                                          0x8 (size before relaxing)
 .literal.spi_flash_enable_qio_bit6
                0x00000000401001a0        0x0 esp-idf/spi_flash/libspi_flash.a(spi_flash.c.obj)
                                          0x4 (size before relaxing)
 .literal.flash_gd25q32c_write_status
                0x00000000401001a0        0x0 esp-idf/spi_flash/libspi_flash.a(spi_flash.c.obj)
                                          0x4 (size before relaxing)
 .literal.flash_gd25q32c_enable_QIO_mode
                0x00000000401001a0        0x0 esp-idf/spi_flash/libspi_flash.a(spi_flash.c.obj)
                                          0xc (size before relaxing)
 .literal.en25q16x_read_sfdp
                0x00000000401001a0        0x4 esp-idf/spi_flash/libspi_flash.a(spi_flash.c.obj)
                                          0x8 (size before relaxing)
 .literal.spi_flash_get_id
                0x00000000401001a4        0x0 esp-idf/spi_flash/libspi_flash.a(spi_flash.c.obj)
                                          0xc (size before relaxing)
 .literal.spi_flash_read_status
                0x00000000401001a4        0x0 esp-idf/spi_flash/libspi_flash.a(spi_flash.c.obj)
                                          0xc (size before relaxing)
 .literal.spi_flash_issi_enable_QIO_mode
                0x00000000401001a4        0x0 esp-idf/spi_flash/libspi_flash.a(spi_flash.c.obj)
                                          0xc (size before relaxing)
 .literal.special_flash_set_mode
                0x00000000401001a4        0x0 esp-idf/spi_flash/libspi_flash.a(spi_flash.c.obj)
                                          0x8 (size before relaxing)
 .literal.en25q16x_write_volatile_status
                0x00000000401001a4        0x0 esp-idf/spi_flash/libspi_flash.a(spi_flash.c.obj)
                                         0x14 (size before relaxing)
 .literal.user_spi_flash_dio_to_qio_pre_init
                0x00000000401001a4        0xc esp-idf/spi_flash/libspi_flash.a(spi_flash.c.obj)
                                         0x30 (size before relaxing)
 .literal.esp_spi_flash_init
                0x00000000401001b0       0x20 esp-idf/spi_flash/libspi_flash.a(spi_flash.c.obj)
                                         0x28 (size before relaxing)
 .literal.Cache_Read_Disable_2
                0x00000000401001d0        0xc esp-idf/spi_flash/libspi_flash.a(spi_flash_raw.c.obj)
                                         0x10 (size before relaxing)
 .literal.Cache_Read_Enable_2
                0x00000000401001dc        0x4 esp-idf/spi_flash/libspi_flash.a(spi_flash_raw.c.obj)
                                          0xc (size before relaxing)
 .literal.spi_flash_get_id_raw
                0x00000000401001e0       0x10 esp-idf/spi_flash/libspi_flash.a(spi_flash_raw.c.obj)
                                         0x1c (size before relaxing)
 .literal.spi_flash_read_status_raw
                0x00000000401001f0        0x4 esp-idf/spi_flash/libspi_flash.a(spi_flash_raw.c.obj)
                                          0xc (size before relaxing)
 .literal.spi_flash_enable_qmode_raw
                0x00000000401001f4        0x4 esp-idf/spi_flash/libspi_flash.a(spi_flash_raw.c.obj)
                                         0x10 (size before relaxing)
 .literal.spi_user_cmd_raw
                0x00000000401001f8       0x64 esp-idf/spi_flash/libspi_flash.a(spi_flash_raw.c.obj)
                                         0x8c (size before relaxing)
 .literal.spi_flash_switch_to_qio_raw
                0x000000004010025c        0x8 esp-idf/spi_flash/libspi_flash.a(spi_flash_raw.c.obj)
                                          0xc (size before relaxing)
 .literal.uart_putc
                0x0000000040100264        0xc esp-idf/esp8266/libesp8266.a(ets_printf.c.obj)
 .literal.ets_putc
                0x0000000040100270        0x0 esp-idf/esp8266/libesp8266.a(ets_printf.c.obj)
                                          0x8 (size before relaxing)
 .literal.ets_vprintf
                0x0000000040100270        0x8 esp-idf/esp8266/libesp8266.a(ets_printf.c.obj)
 .literal.ets_printf
                0x0000000040100278        0x0 esp-idf/esp8266/libesp8266.a(ets_printf.c.obj)
                                          0x4 (size before relaxing)
 .literal.crc32_le
                0x0000000040100278        0x4 esp-idf/esp8266/libesp8266.a(crc.c.obj)
 .iram1.0.literal
                0x000000004010027c        0x8 esp-idf/log/liblog.a(log.c.obj)
 .iram1.1.literal
                0x0000000040100284       0x18 esp-idf/log/liblog.a(log.c.obj)
                                         0x30 (size before relaxing)
 .text.selected_boot_partition
                0x000000004010029c        0xf esp-idf/main/libmain.a(bootloader_start.c.obj)
                                         0x13 (size before relaxing)
 *fill*         0x00000000401002ab        0x1 
 .text.select_image
                0x00000000401002ac       0x68 esp-idf/main/libmain.a(bootloader_start.c.obj)
                                         0x70 (size before relaxing)
 .text.call_start_cpu
                0x0000000040100314       0x26 esp-idf/main/libmain.a(bootloader_start.c.obj)
                                         0x2e (size before relaxing)
                0x0000000040100314                call_start_cpu
 *fill*         0x000000004010033a        0x2 
 .text.print_flash_info
                0x000000004010033c       0xc6 esp-idf/bootloader_support/libbootloader_support.a(bootloader_init.c.obj)
                                         0xca (size before relaxing)
 *fill*         0x0000000040100402        0x2 
 .text.uart_console_configure
                0x0000000040100404       0x17 esp-idf/bootloader_support/libbootloader_support.a(bootloader_init.c.obj)
 *fill*         0x000000004010041b        0x1 
 .text.update_flash_config
                0x000000004010041c       0x21 esp-idf/bootloader_support/libbootloader_support.a(bootloader_init.c.obj)
 *fill*         0x000000004010043d        0x3 
 .text.bootloader_main
                0x0000000040100440       0x69 esp-idf/bootloader_support/libbootloader_support.a(bootloader_init.c.obj)
                                         0x7d (size before relaxing)
 *fill*         0x00000000401004a9        0x3 
 .text.bootloader_init
                0x00000000401004ac       0x25 esp-idf/bootloader_support/libbootloader_support.a(bootloader_init.c.obj)
                                         0x29 (size before relaxing)
                0x00000000401004ac                bootloader_init
 *fill*         0x00000000401004d1        0x3 
 .text.bootloader_utility_start_image
                0x00000000401004d4       0x20 esp-idf/bootloader_support/libbootloader_support.a(bootloader_utility.c.obj)
                                         0x24 (size before relaxing)
 .text.log_invalid_app_partition
                0x00000000401004f4       0x4b esp-idf/bootloader_support/libbootloader_support.a(bootloader_utility.c.obj)
                                         0x53 (size before relaxing)
 *fill*         0x000000004010053f        0x1 
 .text.try_load_partition
                0x0000000040100540       0x3d esp-idf/bootloader_support/libbootloader_support.a(bootloader_utility.c.obj)
                                         0x41 (size before relaxing)
 *fill*         0x000000004010057d        0x3 
 .text.bootloader_utility_load_partition_table
                0x0000000040100580      0x171 esp-idf/bootloader_support/libbootloader_support.a(bootloader_utility.c.obj)
                                        0x185 (size before relaxing)
                0x0000000040100580                bootloader_utility_load_partition_table
 *fill*         0x00000000401006f1        0x3 
 .text.bootloader_utility_get_selected_boot_partition
                0x00000000401006f4      0x146 esp-idf/bootloader_support/libbootloader_support.a(bootloader_utility.c.obj)
                                        0x15e (size before relaxing)
                0x00000000401006f4                bootloader_utility_get_selected_boot_partition
 *fill*         0x000000004010083a        0x2 
 .text.bootloader_utility_load_boot_image
                0x000000004010083c       0xd6 esp-idf/bootloader_support/libbootloader_support.a(bootloader_utility.c.obj)
                                         0xfa (size before relaxing)
                0x000000004010083c                bootloader_utility_load_boot_image
 *fill*         0x0000000040100912        0x2 
 .text.bootloader_utility_load_image
                0x0000000040100914       0x19 esp-idf/bootloader_support/libbootloader_support.a(bootloader_utility.c.obj)
                0x0000000040100914                bootloader_utility_load_image
 *fill*         0x000000004010092d        0x3 
 .text.bootloader_common_ota_select_crc
                0x0000000040100930       0x18 esp-idf/bootloader_support/libbootloader_support.a(bootloader_common.c.obj)
                0x0000000040100930                bootloader_common_ota_select_crc
 .text.bootloader_common_ota_select_valid
                0x0000000040100948       0x2c esp-idf/bootloader_support/libbootloader_support.a(bootloader_common.c.obj)
                0x0000000040100948                bootloader_common_ota_select_valid
 .text.should_map
                0x0000000040100974       0x15 esp-idf/bootloader_support/libbootloader_support.a(esp_image_format.c.obj)
 *fill*         0x0000000040100989        0x3 
 .text.should_load
                0x000000004010098c       0x19 esp-idf/bootloader_support/libbootloader_support.a(esp_image_format.c.obj)
                                         0x1d (size before relaxing)
 *fill*         0x00000000401009a5        0x3 
 .text.verify_image_header
                0x00000000401009a8       0x7d esp-idf/bootloader_support/libbootloader_support.a(esp_image_format.c.obj)
                                         0x85 (size before relaxing)
 *fill*         0x0000000040100a25        0x3 
 .text.process_segment
                0x0000000040100a28      0x11a esp-idf/bootloader_support/libbootloader_support.a(esp_image_format.c.obj)
                                        0x12a (size before relaxing)
 *fill*         0x0000000040100b42        0x2 
 .text.esp_image_load
                0x0000000040100b44      0x197 esp-idf/bootloader_support/libbootloader_support.a(esp_image_format.c.obj)
                                        0x1af (size before relaxing)
                0x0000000040100b44                esp_image_load
 *fill*         0x0000000040100cdb        0x1 
 .text.bootloader_flash_read_no_decrypt
                0x0000000040100cdc       0x15 esp-idf/bootloader_support/libbootloader_support.a(bootloader_flash.c.obj)
 *fill*         0x0000000040100cf1        0x3 
 .text.bootloader_mmap
                0x0000000040100cf4       0xa6 esp-idf/bootloader_support/libbootloader_support.a(bootloader_flash.c.obj)
                                         0xaa (size before relaxing)
                0x0000000040100cf4                bootloader_mmap
 *fill*         0x0000000040100d9a        0x2 
 .text.bootloader_munmap
                0x0000000040100d9c       0x23 esp-idf/bootloader_support/libbootloader_support.a(bootloader_flash.c.obj)
                0x0000000040100d9c                bootloader_munmap
 *fill*         0x0000000040100dbf        0x1 
 .text.bootloader_flash_read
                0x0000000040100dc0       0x5b esp-idf/bootloader_support/libbootloader_support.a(bootloader_flash.c.obj)
                                         0x62 (size before relaxing)
                0x0000000040100dc0                bootloader_flash_read
 *fill*         0x0000000040100e1b        0x1 
 .text.esp_partition_table_basic_verify
                0x0000000040100e1c       0xe7 esp-idf/bootloader_support/libbootloader_support.a(flash_partitions.c.obj)
                                         0xeb (size before relaxing)
                0x0000000040100e1c                esp_partition_table_basic_verify
 *fill*         0x0000000040100f03        0x1 
 .text.spi_user_cmd
                0x0000000040100f04       0x4d esp-idf/spi_flash/libspi_flash.a(spi_flash.c.obj)
                0x0000000040100f04                spi_user_cmd
 *fill*         0x0000000040100f51        0x3 
 .text.special_flash_read_status
                0x0000000040100f54       0x39 esp-idf/spi_flash/libspi_flash.a(spi_flash.c.obj)
                                         0x3d (size before relaxing)
                0x0000000040100f54                special_flash_read_status
 *fill*         0x0000000040100f8d        0x3 
 .text.flash_gd25q32c_read_status
                0x0000000040100f90       0x33 esp-idf/spi_flash/libspi_flash.a(spi_flash.c.obj)
 *fill*         0x0000000040100fc3        0x1 
 .text.special_flash_write_status
                0x0000000040100fc4       0x59 esp-idf/spi_flash/libspi_flash.a(spi_flash.c.obj)
                                         0x61 (size before relaxing)
                0x0000000040100fc4                special_flash_write_status
 *fill*         0x000000004010101d        0x3 
 .text.spi_flash_enable_qio_bit6
                0x0000000040101020       0x17 esp-idf/spi_flash/libspi_flash.a(spi_flash.c.obj)
                                         0x1b (size before relaxing)
 *fill*         0x0000000040101037        0x1 
 .text.flash_gd25q32c_write_status
                0x0000000040101038       0x30 esp-idf/spi_flash/libspi_flash.a(spi_flash.c.obj)
 .text.flash_gd25q32c_enable_QIO_mode
                0x0000000040101068       0x3e esp-idf/spi_flash/libspi_flash.a(spi_flash.c.obj)
                                         0x46 (size before relaxing)
 *fill*         0x00000000401010a6        0x2 
 .text.en25q16x_read_sfdp
                0x00000000401010a8       0x43 esp-idf/spi_flash/libspi_flash.a(spi_flash.c.obj)
                0x00000000401010a8                en25q16x_read_sfdp
 *fill*         0x00000000401010eb        0x1 
 .text.spi_flash_get_id
                0x00000000401010ec       0x26 esp-idf/spi_flash/libspi_flash.a(spi_flash.c.obj)
                0x00000000401010ec                spi_flash_get_id
 *fill*         0x0000000040101112        0x2 
 .text.spi_flash_read_status
                0x0000000040101114       0x28 esp-idf/spi_flash/libspi_flash.a(spi_flash.c.obj)
                0x0000000040101114                spi_flash_read_status
 .text.spi_flash_issi_enable_QIO_mode
                0x000000004010113c       0x43 esp-idf/spi_flash/libspi_flash.a(spi_flash.c.obj)
                                         0x4b (size before relaxing)
 *fill*         0x000000004010117f        0x1 
 .text.special_flash_set_mode
                0x0000000040101180       0x40 esp-idf/spi_flash/libspi_flash.a(spi_flash.c.obj)
                                         0x44 (size before relaxing)
                0x0000000040101180                special_flash_set_mode
 .text.en25q16x_write_volatile_status
                0x00000000401011c0       0x4f esp-idf/spi_flash/libspi_flash.a(spi_flash.c.obj)
                                         0x5b (size before relaxing)
                0x00000000401011c0                en25q16x_write_volatile_status
 *fill*         0x000000004010120f        0x1 
 .text.user_spi_flash_dio_to_qio_pre_init
                0x0000000040101210       0xb9 esp-idf/spi_flash/libspi_flash.a(spi_flash.c.obj)
                                         0xc5 (size before relaxing)
                0x0000000040101210                user_spi_flash_dio_to_qio_pre_init
 *fill*         0x00000000401012c9        0x3 
 .text.esp_spi_flash_init
                0x00000000401012cc       0xc1 esp-idf/spi_flash/libspi_flash.a(spi_flash.c.obj)
                                         0xc5 (size before relaxing)
                0x00000000401012cc                esp_spi_flash_init
 *fill*         0x000000004010138d        0x3 
 .text.Cache_Read_Disable_2
                0x0000000040101390       0x34 esp-idf/spi_flash/libspi_flash.a(spi_flash_raw.c.obj)
                0x0000000040101390                Cache_Read_Disable_2
 .text.Cache_Read_Enable_2
                0x00000000401013c4       0x28 esp-idf/spi_flash/libspi_flash.a(spi_flash_raw.c.obj)
                0x00000000401013c4                Cache_Read_Enable_New
                0x00000000401013c4                Cache_Read_Enable_2
 .text.spi_flash_get_id_raw
                0x00000000401013ec       0x57 esp-idf/spi_flash/libspi_flash.a(spi_flash_raw.c.obj)
                0x00000000401013ec                spi_flash_get_id_raw
 *fill*         0x0000000040101443        0x1 
 .text.spi_flash_read_status_raw
                0x0000000040101444       0x2f esp-idf/spi_flash/libspi_flash.a(spi_flash_raw.c.obj)
                                         0x33 (size before relaxing)
                0x0000000040101444                spi_flash_read_status_raw
 *fill*         0x0000000040101473        0x1 
 .text.spi_flash_enable_qmode_raw
                0x0000000040101474       0x33 esp-idf/spi_flash/libspi_flash.a(spi_flash_raw.c.obj)
                                         0x37 (size before relaxing)
                0x0000000040101474                spi_flash_enable_qmode_raw
 *fill*         0x00000000401014a7        0x1 
 .text.spi_user_cmd_raw
                0x00000000401014a8      0x3d7 esp-idf/spi_flash/libspi_flash.a(spi_flash_raw.c.obj)
                0x00000000401014a8                spi_user_cmd_raw
 *fill*         0x000000004010187f        0x1 
 .text.spi_flash_switch_to_qio_raw
                0x0000000040101880       0x25 esp-idf/spi_flash/libspi_flash.a(spi_flash_raw.c.obj)
                0x0000000040101880                spi_flash_switch_to_qio_raw
 *fill*         0x00000000401018a5        0x3 
 .text.uart_putc
                0x00000000401018a8       0x21 esp-idf/esp8266/libesp8266.a(ets_printf.c.obj)
 *fill*         0x00000000401018c9        0x3 
 .text.ets_putc
                0x00000000401018cc       0x27 esp-idf/esp8266/libesp8266.a(ets_printf.c.obj)
                0x00000000401018cc                ets_putc
 *fill*         0x00000000401018f3        0x1 
 .text.ets_vprintf
                0x00000000401018f4       0x1f esp-idf/esp8266/libesp8266.a(ets_printf.c.obj)
                0x00000000401018f4                ets_vprintf
 *fill*         0x0000000040101913        0x1 
 .text.ets_printf
                0x0000000040101914       0x27 esp-idf/esp8266/libesp8266.a(ets_printf.c.obj)
                                         0x2b (size before relaxing)
                0x0000000040101914                ets_printf
 *fill*         0x000000004010193b        0x1 
 .text.crc32_le
                0x000000004010193c       0x2f esp-idf/esp8266/libesp8266.a(crc.c.obj)
                0x000000004010193c                crc32_le
 *fill*         0x000000004010196b        0x1 
 .text.phy_reg_default
                0x000000004010196c       0x36 /home/nano/esp/ESP8266_RTOS_SDK/components/esp8266/lib/libcore.a(phy.o)
                0x000000004010197c                phy_reg_default
 *fill*         0x00000000401019a2        0x2 
 .text.uart_div_modify
                0x00000000401019a4       0x50 /home/nano/esp/ESP8266_RTOS_SDK/components/esp8266/lib/libcore.a(uart.o)
                0x00000000401019b4                uart_div_modify
 *fill*         0x00000000401019f4        0x0 
 *fill*         0x00000000401019f4        0x0 
 *fill*         0x00000000401019f4        0x0 
 *fill*         0x00000000401019f4        0x0 
 *fill*         0x00000000401019f4        0x0 
 *fill*         0x00000000401019f4        0x0 
 *fill*         0x00000000401019f4        0x0 
 .text.index_to_partition
                0x00000000401019f4       0x4b esp-idf/bootloader_support/libbootloader_support.a(bootloader_utility.c.obj)
 *fill*         0x0000000040101a3f        0x0 
 *fill*         0x0000000040101a3f        0x0 
 *fill*         0x0000000040101a3f        0x0 
 *fill*         0x0000000040101a3f        0x0 
 *fill*         0x0000000040101a3f        0x0 
 *fill*         0x0000000040101a3f        0x0 
 *fill*         0x0000000040101a3f        0x1 
 .text.process_segment_data
                0x0000000040101a40        0x4 esp-idf/bootloader_support/libbootloader_support.a(esp_image_format.c.obj)
 .text.verify_segment_header
                0x0000000040101a44        0x4 esp-idf/bootloader_support/libbootloader_support.a(esp_image_format.c.obj)
 *fill*         0x0000000040101a48        0x0 
 *fill*         0x0000000040101a48        0x0 
 .text.verify_checksum
                0x0000000040101a48        0x4 esp-idf/bootloader_support/libbootloader_support.a(esp_image_format.c.obj)
 *fill*         0x0000000040101a4c        0x0 
 *fill*         0x0000000040101a4c        0x0 
 *fill*         0x0000000040101a4c        0x0 
 *fill*         0x0000000040101a4c        0x0 
 *fill*         0x0000000040101a4c        0x0 
 *fill*         0x0000000040101a4c        0x0 
 *fill*         0x0000000040101a4c        0x0 
 *fill*         0x0000000040101a4c        0x0 
 *fill*         0x0000000040101a4c        0x0 
 *fill*         0x0000000040101a4c        0x0 
 *fill*         0x0000000040101a4c        0x0 
 *fill*         0x0000000040101a4c        0x0 
 *fill*         0x0000000040101a4c        0x0 
 *fill*         0x0000000040101a4c        0x0 
 *fill*         0x0000000040101a4c        0x0 
 *fill*         0x0000000040101a4c        0x0 
 *fill*         0x0000000040101a4c        0x0 
 *fill*         0x0000000040101a4c        0x0 
 *fill*         0x0000000040101a4c        0x0 
 *fill*         0x0000000040101a4c        0x0 
 *fill*         0x0000000040101a4c        0x0 
 *fill*         0x0000000040101a4c        0x0 
 *fill*         0x0000000040101a4c        0x0 
 *fill*         0x0000000040101a4c        0x0 
 *fill*         0x0000000040101a4c        0x0 
 *fill*         0x0000000040101a4c        0x0 
 *fill*         0x0000000040101a4c        0x0 
 *fill*         0x0000000040101a4c        0x0 
 *fill*         0x0000000040101a4c        0x0 
 *fill*         0x0000000040101a4c        0x0 
 *fill*         0x0000000040101a4c        0x0 
 *(.iram1 .iram1.*)
 .iram1.0       0x0000000040101a4c       0x18 esp-idf/log/liblog.a(log.c.obj)
                0x0000000040101a4c                esp_log_early_timestamp
 .iram1.1       0x0000000040101a64       0x92 esp-idf/log/liblog.a(log.c.obj)
                                         0x9d (size before relaxing)
                0x0000000040101a64                esp_early_log_write
 *(.fini.literal)
 *(.fini)
 *(.gnu.version)
                0x0000000040101af6                _text_end = ABSOLUTE (.)
                0x0000000040101af6                _etext = .

.bss            0x000000003ffe8000        0x8
                0x000000003ffe8000                . = ALIGN (0x8)
                0x000000003ffe8000                _bss_start = ABSOLUTE (.)
 *(.dynsbss)
 *(.sbss)
 *(.sbss.*)
 *(.gnu.linkonce.sb.*)
 *(.scommon)
 *(.sbss2)
 *(.sbss2.*)
 *(.gnu.linkonce.sb2.*)
 *(.dynbss)
 *(.bss)
 *(.bss.*)
 .bss.mapped    0x000000003ffe8000        0x1 esp-idf/bootloader_support/libbootloader_support.a(bootloader_flash.c.obj)
 .bss.FlashIsOnGoing
                0x000000003ffe8001        0x1 esp-idf/spi_flash/libspi_flash.a(spi_flash.c.obj)
                0x000000003ffe8001                FlashIsOnGoing
 *(.gnu.linkonce.b.*)
 *(COMMON)
                0x000000003ffe8008                . = ALIGN (0x8)
 *fill*         0x000000003ffe8002        0x6 
                0x000000003ffe8008                _bss_end = ABSOLUTE (.)

.data           0x000000003ffe8008       0x18
                0x000000003ffe8008                _data_start = ABSOLUTE (.)
 *(.data)
 *(.data.*)
 .data.g_rom_flashchip
                0x000000003ffe8008       0x18 esp-idf/spi_flash/libspi_flash.a(spi_flash.c.obj)
                0x000000003ffe8008                g_rom_flashchip
 *(.gnu.linkonce.d.*)
 *(.data1)
 *(.sdata)
 *(.sdata.*)
 *(.gnu.linkonce.s.*)
 *(.sdata2)
 *(.sdata2.*)
 *(.gnu.linkonce.s2.*)
 *(.jcr)
                0x000000003ffe8020                _data_end = ABSOLUTE (.)

.rodata         0x000000003ffe8020      0xd4c
                0x000000003ffe8020                _rodata_start = ABSOLUTE (.)
 *(.rodata)
 *(.rodata.*)
 .rodata.str1.4
                0x000000003ffe8020       0x21 esp-idf/main/libmain.a(bootloader_start.c.obj)
 *fill*         0x000000003ffe8041        0x3 
 .rodata.str1.4
                0x000000003ffe8044       0xf6 esp-idf/bootloader_support/libbootloader_support.a(bootloader_init.c.obj)
                                        0x102 (size before relaxing)
 *fill*         0x000000003ffe813a        0x2 
 .rodata.print_flash_info
                0x000000003ffe813c       0x28 esp-idf/bootloader_support/libbootloader_support.a(bootloader_init.c.obj)
 .rodata.str1.4
                0x000000003ffe8164      0x356 esp-idf/bootloader_support/libbootloader_support.a(bootloader_utility.c.obj)
                                        0x35e (size before relaxing)
 *fill*         0x000000003ffe84ba        0x2 
 .rodata.str1.4
                0x000000003ffe84bc      0x1eb esp-idf/bootloader_support/libbootloader_support.a(esp_image_format.c.obj)
                                        0x1ef (size before relaxing)
 *fill*         0x000000003ffe86a7        0x1 
 .rodata.str1.4
                0x000000003ffe86a8      0x19f esp-idf/bootloader_support/libbootloader_support.a(bootloader_flash.c.obj)
 *fill*         0x000000003ffe8847        0x1 
 .rodata.str1.4
                0x000000003ffe8848       0xb4 esp-idf/bootloader_support/libbootloader_support.a(flash_partitions.c.obj)
 .rodata.str1.4
                0x000000003ffe88fc       0x29 esp-idf/spi_flash/libspi_flash.a(spi_flash.c.obj)
 *fill*         0x000000003ffe8925        0x3 
 .rodata.str1.4
                0x000000003ffe8928       0x24 esp-idf/log/liblog.a(log.c.obj)
                                         0x22 (size before relaxing)
 .rodata.s_log_prefix
                0x000000003ffe894c        0x6 esp-idf/log/liblog.a(log.c.obj)
 *fill*         0x000000003ffe8952        0x2 
 .rodata.s_log_color
                0x000000003ffe8954       0x18 esp-idf/log/liblog.a(log.c.obj)
 .rodata.crc32_le_table
                0x000000003ffe896c      0x400 esp-idf/esp8266/libesp8266.a(crc.c.obj)
 *(.gnu.linkonce.r.*)
 *(.rodata1)
                0x000000003ffe8d6c                __XT_EXCEPTION_TABLE_ = ABSOLUTE (.)
 *(.xt_except_table)
 *(.gcc_except_table)
 *(.gnu.linkonce.e.*)
 *(.gnu.version_r)
 *(.eh_frame)
                0x000000003ffe8d6c                . = ((. + 0x3) & 0xfffffffffffffffc)
                0x000000003ffe8d6c                __init_array_start = ABSOLUTE (.)
 *crtbegin.o(.ctors)
 *(EXCLUDE_FILE(*crtend.o) .ctors)
 *(SORT(.ctors.*))
 *(.ctors)
                0x000000003ffe8d6c                __init_array_end = ABSOLUTE (.)
 *crtbegin.o(.dtors)
 *(EXCLUDE_FILE(*crtend.o) .dtors)
 *(SORT(.dtors.*))
 *(.dtors)
                0x000000003ffe8d6c                __XT_EXCEPTION_DESCS_ = ABSOLUTE (.)
 *(.xt_except_desc)
 *(.gnu.linkonce.h.*)
                0x000000003ffe8d6c                __XT_EXCEPTION_DESCS_END__ = ABSOLUTE (.)
 *(.xt_except_desc_end)
 *(.dynamic)
 *(.gnu.version_d)
                0x000000003ffe8d6c                _rodata_end = ABSOLUTE (.)
                0x000000003ffe8d6c                _lit4_start = ABSOLUTE (.)
 *(*.lit4)
 *(.lit4.*)
 *(.gnu.linkonce.lit4.*)
                0x000000003ffe8d6c                _lit4_end = ABSOLUTE (.)
                0x000000003ffe8d6c                . = ALIGN (0x4)
                0x000000003ffe8d6c                _heap_start = ABSOLUTE (.)
                0x0000000060001100                PROVIDE (rtc_sys_info, 0x60001100)
                [!provide]                        PROVIDE (ets_memcpy, 0x400018b4)
                0x0000000040004b1c                PROVIDE (SPIRead, 0x40004b1c)
                0x0000000040004a4c                PROVIDE (SPIWrite, 0x40004a4c)
                0x0000000040004a00                PROVIDE (SPIEraseSector, 0x40004a00)
                0x0000000040004cf0                PROVIDE (gpio_input_get, 0x40004cf0)
                [!provide]                        PROVIDE (xthal_get_ccount, 0x4000dd38)
                [!provide]                        PROVIDE (uart_div_modify, 0x400039d8)
                0x0000000040001f00                PROVIDE (ets_io_vprintf, 0x40001f00)
                0x00000000400040c0                PROVIDE (SPI_sector_erase, 0x400040c0)
                0x0000000040004174                PROVIDE (SPI_page_program, 0x40004174)
                0x00000000400042ac                PROVIDE (SPI_read_data, 0x400042ac)
                0x00000000400043c8                PROVIDE (SPI_read_status, 0x400043c8)
                0x0000000040004400                PROVIDE (SPI_write_status, 0x40004400)
                0x000000004000443c                PROVIDE (SPI_write_enable, 0x4000443c)
                0x000000004000448c                PROVIDE (Wait_SPI_Idle, 0x4000448c)
                0x00000000400044c0                PROVIDE (Enable_QMode, 0x400044c0)
                [!provide]                        PROVIDE (Disable_QMode, 0x40004508)
                0x0000000040004678                PROVIDE (Cache_Read_Enable, 0x40004678)
                0x00000000400047f0                PROVIDE (Cache_Read_Disable, 0x400047f0)
                [!provide]                        PROVIDE (lldesc_build_chain, 0x40004f40)
                [!provide]                        PROVIDE (lldesc_num2link, 0x40005050)
                [!provide]                        PROVIDE (lldesc_set_owner, 0x4000507c)
                [!provide]                        PROVIDE (__adddf3, 0x4000c538)
                [!provide]                        PROVIDE (__addsf3, 0x4000c180)
                [!provide]                        PROVIDE (__divdf3, 0x4000cb94)
                [!provide]                        PROVIDE (__divdi3, 0x4000ce60)
                [!provide]                        PROVIDE (__divsi3, 0x4000dc88)
                [!provide]                        PROVIDE (__extendsfdf2, 0x4000cdfc)
                [!provide]                        PROVIDE (__fixdfsi, 0x4000ccb8)
                [!provide]                        PROVIDE (__fixunsdfsi, 0x4000cd00)
                [!provide]                        PROVIDE (__fixunssfsi, 0x4000c4c4)
                [!provide]                        PROVIDE (__floatsidf, 0x4000e2f0)
                [!provide]                        PROVIDE (__floatsisf, 0x4000e2ac)
                [!provide]                        PROVIDE (__floatunsidf, 0x4000e2e8)
                [!provide]                        PROVIDE (__floatunsisf, 0x4000e2a4)
                [!provide]                        PROVIDE (__muldf3, 0x4000c8f0)
                [!provide]                        PROVIDE (__muldi3, 0x40000650)
                [!provide]                        PROVIDE (__mulsf3, 0x4000c3dc)
                [!provide]                        PROVIDE (__subdf3, 0x4000c688)
                [!provide]                        PROVIDE (__subsf3, 0x4000c268)
                [!provide]                        PROVIDE (__truncdfsf2, 0x4000cd5c)
                [!provide]                        PROVIDE (__udivdi3, 0x4000d310)
                0x000000004000e21c                PROVIDE (__udivsi3, 0x4000e21c)
                [!provide]                        PROVIDE (__umoddi3, 0x4000d770)
                0x000000004000e268                PROVIDE (__umodsi3, 0x4000e268)
                [!provide]                        PROVIDE (__umulsidi3, 0x4000dcf0)
                [!provide]                        PROVIDE (bzero, 0x4000de84)
                [!provide]                        PROVIDE (memcmp, 0x4000dea8)
                0x000000004000df48                PROVIDE (memcpy, 0x4000df48)
                [!provide]                        PROVIDE (memmove, 0x4000e04c)
                0x000000004000e190                PROVIDE (memset, 0x4000e190)
                [!provide]                        PROVIDE (strcmp, 0x4000bdc8)
                [!provide]                        PROVIDE (strcpy, 0x4000bec8)
                [!provide]                        PROVIDE (strlen, 0x4000bf4c)
                [!provide]                        PROVIDE (strncmp, 0x4000bfa8)
                [!provide]                        PROVIDE (strncpy, 0x4000c0a0)
                [!provide]                        PROVIDE (strstr, 0x4000e1e0)
                [!provide]                        PROVIDE (gpio_input_get, 0x40004cf0)
                [!provide]                        PROVIDE (gpio_pin_wakeup_disable, 0x40004ed4)
                [!provide]                        PROVIDE (gpio_pin_wakeup_enable, 0x40004e90)
                [!provide]                        PROVIDE (ets_io_vprintf, 0x40001f00)
                [!provide]                        PROVIDE (uart_rx_one_char, 0x40003b8c)
                [!provide]                        PROVIDE (rom_i2c_readReg, 0x40007268)
                [!provide]                        PROVIDE (rom_i2c_readReg_Mask, 0x4000729c)
                [!provide]                        PROVIDE (rom_i2c_writeReg, 0x400072d8)
                [!provide]                        PROVIDE (rom_i2c_writeReg_Mask, 0x4000730c)
                [!provide]                        PROVIDE (rom_software_reboot, 0x40000080)

.comment        0x0000000000000000       0x75
 .comment       0x0000000000000000       0x3b CMakeFiles/bootloader.elf.dir/project_elf_src.c.obj
                                         0x3c (size before relaxing)
 .comment       0x000000000000003b       0x3c esp-idf/main/libmain.a(bootloader_start.c.obj)
 .comment       0x000000000000003b       0x3c esp-idf/bootloader_support/libbootloader_support.a(bootloader_init.c.obj)
 .comment       0x000000000000003b       0x3c esp-idf/bootloader_support/libbootloader_support.a(bootloader_utility.c.obj)
 .comment       0x000000000000003b       0x3c esp-idf/bootloader_support/libbootloader_support.a(bootloader_common.c.obj)
 .comment       0x000000000000003b       0x3c esp-idf/bootloader_support/libbootloader_support.a(esp_image_format.c.obj)
 .comment       0x000000000000003b       0x3c esp-idf/bootloader_support/libbootloader_support.a(bootloader_flash.c.obj)
 .comment       0x000000000000003b       0x3c esp-idf/bootloader_support/libbootloader_support.a(flash_partitions.c.obj)
 .comment       0x000000000000003b       0x3c esp-idf/spi_flash/libspi_flash.a(spi_flash.c.obj)
 .comment       0x000000000000003b       0x3c esp-idf/spi_flash/libspi_flash.a(spi_flash_raw.c.obj)
 .comment       0x000000000000003b       0x3c esp-idf/log/liblog.a(log.c.obj)
 .comment       0x000000000000003b       0x3c esp-idf/esp8266/libesp8266.a(ets_printf.c.obj)
 .comment       0x000000000000003b       0x3c esp-idf/esp8266/libesp8266.a(crc.c.obj)
 .comment       0x000000000000003b       0x3c esp-idf/esp8266/libesp8266.a(esp_fast_boot.c.obj)
 .comment       0x000000000000003b       0x3a /home/nano/esp/ESP8266_RTOS_SDK/components/esp8266/lib/libcore.a(phy.o)
                                         0x3b (size before relaxing)
 .comment       0x0000000000000075       0x3b /home/nano/esp/ESP8266_RTOS_SDK/components/esp8266/lib/libcore.a(uart.o)

.xtensa.info    0x0000000000000000       0x38
 .xtensa.info   0x0000000000000000       0x38 CMakeFiles/bootloader.elf.dir/project_elf_src.c.obj
 .xtensa.info   0x0000000000000038        0x0 esp-idf/main/libmain.a(bootloader_start.c.obj)
 .xtensa.info   0x0000000000000038        0x0 esp-idf/bootloader_support/libbootloader_support.a(bootloader_init.c.obj)
 .xtensa.info   0x0000000000000038        0x0 esp-idf/bootloader_support/libbootloader_support.a(bootloader_utility.c.obj)
 .xtensa.info   0x0000000000000038        0x0 esp-idf/bootloader_support/libbootloader_support.a(bootloader_common.c.obj)
 .xtensa.info   0x0000000000000038        0x0 esp-idf/bootloader_support/libbootloader_support.a(esp_image_format.c.obj)
 .xtensa.info   0x0000000000000038        0x0 esp-idf/bootloader_support/libbootloader_support.a(bootloader_flash.c.obj)
 .xtensa.info   0x0000000000000038        0x0 esp-idf/bootloader_support/libbootloader_support.a(flash_partitions.c.obj)
 .xtensa.info   0x0000000000000038        0x0 esp-idf/spi_flash/libspi_flash.a(spi_flash.c.obj)
 .xtensa.info   0x0000000000000038        0x0 esp-idf/spi_flash/libspi_flash.a(spi_flash_raw.c.obj)
 .xtensa.info   0x0000000000000038        0x0 esp-idf/log/liblog.a(log.c.obj)
 .xtensa.info   0x0000000000000038        0x0 esp-idf/esp8266/libesp8266.a(ets_printf.c.obj)
 .xtensa.info   0x0000000000000038        0x0 esp-idf/esp8266/libesp8266.a(crc.c.obj)
 .xtensa.info   0x0000000000000038        0x0 esp-idf/esp8266/libesp8266.a(esp_fast_boot.c.obj)
 .xtensa.info   0x0000000000000038        0x0 /home/nano/esp/ESP8266_RTOS_SDK/components/esp8266/lib/libcore.a(phy.o)
 .xtensa.info   0x0000000000000038        0x0 /home/nano/esp/ESP8266_RTOS_SDK/components/esp8266/lib/libcore.a(uart.o)
END GROUP
OUTPUT(bootloader.elf elf32-xtensa-le)

.debug_frame    0x0000000000000000      0xb38
 .debug_frame   0x0000000000000000       0x74 esp-idf/main/libmain.a(bootloader_start.c.obj)
 .debug_frame   0x0000000000000074       0xb4 esp-idf/bootloader_support/libbootloader_support.a(bootloader_init.c.obj)
 .debug_frame   0x0000000000000128      0x140 esp-idf/bootloader_support/libbootloader_support.a(bootloader_utility.c.obj)
 .debug_frame   0x0000000000000268       0x74 esp-idf/bootloader_support/libbootloader_support.a(bootloader_common.c.obj)
 .debug_frame   0x00000000000002dc      0x10c esp-idf/bootloader_support/libbootloader_support.a(esp_image_format.c.obj)
 .debug_frame   0x00000000000003e8       0xdc esp-idf/bootloader_support/libbootloader_support.a(bootloader_flash.c.obj)
 .debug_frame   0x00000000000004c4       0x38 esp-idf/bootloader_support/libbootloader_support.a(flash_partitions.c.obj)
 .debug_frame   0x00000000000004fc      0x350 esp-idf/spi_flash/libspi_flash.a(spi_flash.c.obj)
 .debug_frame   0x000000000000084c      0x16c esp-idf/spi_flash/libspi_flash.a(spi_flash_raw.c.obj)
 .debug_frame   0x00000000000009b8       0x58 esp-idf/log/liblog.a(log.c.obj)
 .debug_frame   0x0000000000000a10       0x80 esp-idf/esp8266/libesp8266.a(ets_printf.c.obj)
 .debug_frame   0x0000000000000a90       0x40 esp-idf/esp8266/libesp8266.a(crc.c.obj)
 .debug_frame   0x0000000000000ad0       0x68 esp-idf/esp8266/libesp8266.a(esp_fast_boot.c.obj)

.debug_info     0x0000000000000000     0x5423
 .debug_info    0x0000000000000000      0x4b5 esp-idf/main/libmain.a(bootloader_start.c.obj)
 .debug_info    0x00000000000004b5      0x4fd esp-idf/bootloader_support/libbootloader_support.a(bootloader_init.c.obj)
 .debug_info    0x00000000000009b2      0xe2c esp-idf/bootloader_support/libbootloader_support.a(bootloader_utility.c.obj)
 .debug_info    0x00000000000017de      0x341 esp-idf/bootloader_support/libbootloader_support.a(bootloader_common.c.obj)
 .debug_info    0x0000000000001b1f      0xb18 esp-idf/bootloader_support/libbootloader_support.a(esp_image_format.c.obj)
 .debug_info    0x0000000000002637      0x547 esp-idf/bootloader_support/libbootloader_support.a(bootloader_flash.c.obj)
 .debug_info    0x0000000000002b7e      0x3d6 esp-idf/bootloader_support/libbootloader_support.a(flash_partitions.c.obj)
 .debug_info    0x0000000000002f54     0x134f esp-idf/spi_flash/libspi_flash.a(spi_flash.c.obj)
 .debug_info    0x00000000000042a3      0x756 esp-idf/spi_flash/libspi_flash.a(spi_flash_raw.c.obj)
 .debug_info    0x00000000000049f9      0x307 esp-idf/log/liblog.a(log.c.obj)
 .debug_info    0x0000000000004d00      0x21f esp-idf/esp8266/libesp8266.a(ets_printf.c.obj)
 .debug_info    0x0000000000004f1f      0x209 esp-idf/esp8266/libesp8266.a(crc.c.obj)
 .debug_info    0x0000000000005128      0x2fb esp-idf/esp8266/libesp8266.a(esp_fast_boot.c.obj)

.debug_abbrev   0x0000000000000000     0x1589
 .debug_abbrev  0x0000000000000000      0x18e esp-idf/main/libmain.a(bootloader_start.c.obj)
 .debug_abbrev  0x000000000000018e      0x1c1 esp-idf/bootloader_support/libbootloader_support.a(bootloader_init.c.obj)
 .debug_abbrev  0x000000000000034f      0x244 esp-idf/bootloader_support/libbootloader_support.a(bootloader_utility.c.obj)
 .debug_abbrev  0x0000000000000593      0x1aa esp-idf/bootloader_support/libbootloader_support.a(bootloader_common.c.obj)
 .debug_abbrev  0x000000000000073d      0x1d8 esp-idf/bootloader_support/libbootloader_support.a(esp_image_format.c.obj)
 .debug_abbrev  0x0000000000000915      0x173 esp-idf/bootloader_support/libbootloader_support.a(bootloader_flash.c.obj)
 .debug_abbrev  0x0000000000000a88      0x16e esp-idf/bootloader_support/libbootloader_support.a(flash_partitions.c.obj)
 .debug_abbrev  0x0000000000000bf6      0x306 esp-idf/spi_flash/libspi_flash.a(spi_flash.c.obj)
 .debug_abbrev  0x0000000000000efc      0x176 esp-idf/spi_flash/libspi_flash.a(spi_flash_raw.c.obj)
 .debug_abbrev  0x0000000000001072      0x1c8 esp-idf/log/liblog.a(log.c.obj)
 .debug_abbrev  0x000000000000123a      0x159 esp-idf/esp8266/libesp8266.a(ets_printf.c.obj)
 .debug_abbrev  0x0000000000001393       0xaf esp-idf/esp8266/libesp8266.a(crc.c.obj)
 .debug_abbrev  0x0000000000001442      0x147 esp-idf/esp8266/libesp8266.a(esp_fast_boot.c.obj)

.debug_loc      0x0000000000000000     0x2fba
 .debug_loc     0x0000000000000000       0x76 esp-idf/main/libmain.a(bootloader_start.c.obj)
 .debug_loc     0x0000000000000076       0xf6 esp-idf/bootloader_support/libbootloader_support.a(bootloader_init.c.obj)
 .debug_loc     0x000000000000016c      0x62d esp-idf/bootloader_support/libbootloader_support.a(bootloader_utility.c.obj)
 .debug_loc     0x0000000000000799      0x2e6 esp-idf/bootloader_support/libbootloader_support.a(bootloader_common.c.obj)
 .debug_loc     0x0000000000000a7f      0x68a esp-idf/bootloader_support/libbootloader_support.a(esp_image_format.c.obj)
 .debug_loc     0x0000000000001109      0x3a7 esp-idf/bootloader_support/libbootloader_support.a(bootloader_flash.c.obj)
 .debug_loc     0x00000000000014b0      0x108 esp-idf/bootloader_support/libbootloader_support.a(flash_partitions.c.obj)
 .debug_loc     0x00000000000015b8     0x10ba esp-idf/spi_flash/libspi_flash.a(spi_flash.c.obj)
 .debug_loc     0x0000000000002672      0x5a0 esp-idf/spi_flash/libspi_flash.a(spi_flash_raw.c.obj)
 .debug_loc     0x0000000000002c12       0xe1 esp-idf/log/liblog.a(log.c.obj)
 .debug_loc     0x0000000000002cf3       0x9b esp-idf/esp8266/libesp8266.a(ets_printf.c.obj)
 .debug_loc     0x0000000000002d8e      0x192 esp-idf/esp8266/libesp8266.a(crc.c.obj)
 .debug_loc     0x0000000000002f20       0x9a esp-idf/esp8266/libesp8266.a(esp_fast_boot.c.obj)

.debug_aranges  0x0000000000000000      0x3e0
 .debug_aranges
                0x0000000000000000       0x30 esp-idf/main/libmain.a(bootloader_start.c.obj)
 .debug_aranges
                0x0000000000000030       0x40 esp-idf/bootloader_support/libbootloader_support.a(bootloader_init.c.obj)
 .debug_aranges
                0x0000000000000070       0x60 esp-idf/bootloader_support/libbootloader_support.a(bootloader_utility.c.obj)
 .debug_aranges
                0x00000000000000d0       0x30 esp-idf/bootloader_support/libbootloader_support.a(bootloader_common.c.obj)
 .debug_aranges
                0x0000000000000100       0x60 esp-idf/bootloader_support/libbootloader_support.a(esp_image_format.c.obj)
 .debug_aranges
                0x0000000000000160       0x48 esp-idf/bootloader_support/libbootloader_support.a(bootloader_flash.c.obj)
 .debug_aranges
                0x00000000000001a8       0x20 esp-idf/bootloader_support/libbootloader_support.a(flash_partitions.c.obj)
 .debug_aranges
                0x00000000000001c8       0xe8 esp-idf/spi_flash/libspi_flash.a(spi_flash.c.obj)
 .debug_aranges
                0x00000000000002b0       0x70 esp-idf/spi_flash/libspi_flash.a(spi_flash_raw.c.obj)
 .debug_aranges
                0x0000000000000320       0x28 esp-idf/log/liblog.a(log.c.obj)
 .debug_aranges
                0x0000000000000348       0x38 esp-idf/esp8266/libesp8266.a(ets_printf.c.obj)
 .debug_aranges
                0x0000000000000380       0x30 esp-idf/esp8266/libesp8266.a(crc.c.obj)
 .debug_aranges
                0x00000000000003b0       0x30 esp-idf/esp8266/libesp8266.a(esp_fast_boot.c.obj)

.debug_ranges   0x0000000000000000      0x3f8
 .debug_ranges  0x0000000000000000       0x20 esp-idf/main/libmain.a(bootloader_start.c.obj)
 .debug_ranges  0x0000000000000020       0x30 esp-idf/bootloader_support/libbootloader_support.a(bootloader_init.c.obj)
 .debug_ranges  0x0000000000000050       0x50 esp-idf/bootloader_support/libbootloader_support.a(bootloader_utility.c.obj)
 .debug_ranges  0x00000000000000a0       0x20 esp-idf/bootloader_support/libbootloader_support.a(bootloader_common.c.obj)
 .debug_ranges  0x00000000000000c0       0x50 esp-idf/bootloader_support/libbootloader_support.a(esp_image_format.c.obj)
 .debug_ranges  0x0000000000000110       0x38 esp-idf/bootloader_support/libbootloader_support.a(bootloader_flash.c.obj)
 .debug_ranges  0x0000000000000148       0x40 esp-idf/bootloader_support/libbootloader_support.a(flash_partitions.c.obj)
 .debug_ranges  0x0000000000000188      0x190 esp-idf/spi_flash/libspi_flash.a(spi_flash.c.obj)
 .debug_ranges  0x0000000000000318       0x60 esp-idf/spi_flash/libspi_flash.a(spi_flash_raw.c.obj)
 .debug_ranges  0x0000000000000378       0x18 esp-idf/log/liblog.a(log.c.obj)
 .debug_ranges  0x0000000000000390       0x28 esp-idf/esp8266/libesp8266.a(ets_printf.c.obj)
 .debug_ranges  0x00000000000003b8       0x20 esp-idf/esp8266/libesp8266.a(crc.c.obj)
 .debug_ranges  0x00000000000003d8       0x20 esp-idf/esp8266/libesp8266.a(esp_fast_boot.c.obj)

.debug_line     0x0000000000000000     0x3d41
 .debug_line    0x0000000000000000      0x346 esp-idf/main/libmain.a(bootloader_start.c.obj)
 .debug_line    0x0000000000000346      0x467 esp-idf/bootloader_support/libbootloader_support.a(bootloader_init.c.obj)
 .debug_line    0x00000000000007ad      0x82f esp-idf/bootloader_support/libbootloader_support.a(bootloader_utility.c.obj)
 .debug_line    0x0000000000000fdc      0x317 esp-idf/bootloader_support/libbootloader_support.a(bootloader_common.c.obj)
 .debug_line    0x00000000000012f3      0x5f6 esp-idf/bootloader_support/libbootloader_support.a(esp_image_format.c.obj)
 .debug_line    0x00000000000018e9      0x3db esp-idf/bootloader_support/libbootloader_support.a(bootloader_flash.c.obj)
 .debug_line    0x0000000000001cc4      0x32f esp-idf/bootloader_support/libbootloader_support.a(flash_partitions.c.obj)
 .debug_line    0x0000000000001ff3      0xcf7 esp-idf/spi_flash/libspi_flash.a(spi_flash.c.obj)
 .debug_line    0x0000000000002cea      0x631 esp-idf/spi_flash/libspi_flash.a(spi_flash_raw.c.obj)
 .debug_line    0x000000000000331b      0x325 esp-idf/log/liblog.a(log.c.obj)
 .debug_line    0x0000000000003640      0x248 esp-idf/esp8266/libesp8266.a(ets_printf.c.obj)
 .debug_line    0x0000000000003888      0x1c1 esp-idf/esp8266/libesp8266.a(crc.c.obj)
 .debug_line    0x0000000000003a49      0x2f8 esp-idf/esp8266/libesp8266.a(esp_fast_boot.c.obj)

.debug_str      0x0000000000000000     0x184f
 .debug_str     0x0000000000000000      0x463 esp-idf/main/libmain.a(bootloader_start.c.obj)
                                        0x4ec (size before relaxing)
 .debug_str     0x0000000000000463      0x2f4 esp-idf/bootloader_support/libbootloader_support.a(bootloader_init.c.obj)
                                        0x5a4 (size before relaxing)
 .debug_str     0x0000000000000757      0x2e7 esp-idf/bootloader_support/libbootloader_support.a(bootloader_utility.c.obj)
                                        0x790 (size before relaxing)
 .debug_str     0x0000000000000a3e      0x166 esp-idf/bootloader_support/libbootloader_support.a(bootloader_common.c.obj)
                                        0x38f (size before relaxing)
 .debug_str     0x0000000000000ba4      0x1b3 esp-idf/bootloader_support/libbootloader_support.a(esp_image_format.c.obj)
                                        0x759 (size before relaxing)
 .debug_str     0x0000000000000d57      0x131 esp-idf/bootloader_support/libbootloader_support.a(bootloader_flash.c.obj)
                                        0x3b6 (size before relaxing)
 .debug_str     0x0000000000000e88       0xde esp-idf/bootloader_support/libbootloader_support.a(flash_partitions.c.obj)
                                        0x3bd (size before relaxing)
 .debug_str     0x0000000000000f66      0x526 esp-idf/spi_flash/libspi_flash.a(spi_flash.c.obj)
                                        0x927 (size before relaxing)
 .debug_str     0x000000000000148c      0x127 esp-idf/spi_flash/libspi_flash.a(spi_flash_raw.c.obj)
                                        0x4d0 (size before relaxing)
 .debug_str     0x00000000000015b3      0x102 esp-idf/log/liblog.a(log.c.obj)
                                        0x2d2 (size before relaxing)
 .debug_str     0x00000000000016b5       0xa3 esp-idf/esp8266/libesp8266.a(ets_printf.c.obj)
                                        0x224 (size before relaxing)
 .debug_str     0x0000000000001758       0x7e esp-idf/esp8266/libesp8266.a(crc.c.obj)
                                        0x1b7 (size before relaxing)
 .debug_str     0x00000000000017d6       0x79 esp-idf/esp8266/libesp8266.a(esp_fast_boot.c.obj)
                                        0x2f4 (size before relaxing)

Cross Reference Table

Symbol                                            File
Cache_Read_Disable                                esp-idf/spi_flash/libspi_flash.a(spi_flash_raw.c.obj)
                                                  esp-idf/bootloader_support/libbootloader_support.a(bootloader_flash.c.obj)
                                                  esp-idf/bootloader_support/libbootloader_support.a(bootloader_init.c.obj)
Cache_Read_Disable_2                              esp-idf/spi_flash/libspi_flash.a(spi_flash_raw.c.obj)
Cache_Read_Enable                                 esp-idf/bootloader_support/libbootloader_support.a(bootloader_flash.c.obj)
Cache_Read_Enable_2                               esp-idf/spi_flash/libspi_flash.a(spi_flash_raw.c.obj)
Cache_Read_Enable_New                             esp-idf/spi_flash/libspi_flash.a(spi_flash_raw.c.obj)
Enable_QMode                                      esp-idf/spi_flash/libspi_flash.a(spi_flash_raw.c.obj)
FlashIsOnGoing                                    esp-idf/spi_flash/libspi_flash.a(spi_flash.c.obj)
SPIEraseSector                                    esp-idf/bootloader_support/libbootloader_support.a(bootloader_flash.c.obj)
SPIRead                                           esp-idf/bootloader_support/libbootloader_support.a(bootloader_flash.c.obj)
SPIWrite                                          esp-idf/bootloader_support/libbootloader_support.a(bootloader_flash.c.obj)
SPI_page_program                                  esp-idf/spi_flash/libspi_flash.a(spi_flash_raw.c.obj)
SPI_read_data                                     esp-idf/spi_flash/libspi_flash.a(spi_flash_raw.c.obj)
SPI_read_status                                   esp-idf/spi_flash/libspi_flash.a(spi_flash_raw.c.obj)
SPI_sector_erase                                  esp-idf/spi_flash/libspi_flash.a(spi_flash_raw.c.obj)
SPI_write_enable                                  esp-idf/spi_flash/libspi_flash.a(spi_flash_raw.c.obj)
SPI_write_status                                  esp-idf/spi_flash/libspi_flash.a(spi_flash_raw.c.obj)
Uart_Init                                         /home/nano/esp/ESP8266_RTOS_SDK/components/esp8266/lib/libcore.a(uart.o)
Wait_SPI_Idle                                     esp-idf/spi_flash/libspi_flash.a(spi_flash_raw.c.obj)
__udivsi3                                         esp-idf/log/liblog.a(log.c.obj)
                                                  esp-idf/spi_flash/libspi_flash.a(spi_flash.c.obj)
                                                  esp-idf/bootloader_support/libbootloader_support.a(bootloader_common.c.obj)
__umodsi3                                         esp-idf/spi_flash/libspi_flash.a(spi_flash.c.obj)
                                                  esp-idf/bootloader_support/libbootloader_support.a(bootloader_flash.c.obj)
                                                  esp-idf/bootloader_support/libbootloader_support.a(bootloader_utility.c.obj)
_bss_end                                          esp-idf/bootloader_support/libbootloader_support.a(bootloader_init.c.obj)
_bss_start                                        esp-idf/bootloader_support/libbootloader_support.a(bootloader_init.c.obj)
bootloader_common_check_long_hold_gpio            esp-idf/bootloader_support/libbootloader_support.a(bootloader_common.c.obj)
bootloader_common_ota_select_crc                  esp-idf/bootloader_support/libbootloader_support.a(bootloader_common.c.obj)
bootloader_common_ota_select_valid                esp-idf/bootloader_support/libbootloader_support.a(bootloader_common.c.obj)
                                                  esp-idf/bootloader_support/libbootloader_support.a(bootloader_utility.c.obj)
bootloader_flash_erase_sector                     esp-idf/bootloader_support/libbootloader_support.a(bootloader_flash.c.obj)
bootloader_flash_read                             esp-idf/bootloader_support/libbootloader_support.a(bootloader_flash.c.obj)
                                                  esp-idf/bootloader_support/libbootloader_support.a(esp_image_format.c.obj)
                                                  esp-idf/bootloader_support/libbootloader_support.a(bootloader_init.c.obj)
bootloader_flash_write                            esp-idf/bootloader_support/libbootloader_support.a(bootloader_flash.c.obj)
bootloader_init                                   esp-idf/bootloader_support/libbootloader_support.a(bootloader_init.c.obj)
                                                  esp-idf/main/libmain.a(bootloader_start.c.obj)
bootloader_mmap                                   esp-idf/bootloader_support/libbootloader_support.a(bootloader_flash.c.obj)
                                                  esp-idf/bootloader_support/libbootloader_support.a(bootloader_utility.c.obj)
bootloader_munmap                                 esp-idf/bootloader_support/libbootloader_support.a(bootloader_flash.c.obj)
                                                  esp-idf/bootloader_support/libbootloader_support.a(bootloader_utility.c.obj)
bootloader_utility_fast_boot_image                esp-idf/bootloader_support/libbootloader_support.a(bootloader_utility.c.obj)
bootloader_utility_get_selected_boot_partition    esp-idf/bootloader_support/libbootloader_support.a(bootloader_utility.c.obj)
                                                  esp-idf/main/libmain.a(bootloader_start.c.obj)
bootloader_utility_load_boot_image                esp-idf/bootloader_support/libbootloader_support.a(bootloader_utility.c.obj)
                                                  esp-idf/main/libmain.a(bootloader_start.c.obj)
bootloader_utility_load_image                     esp-idf/bootloader_support/libbootloader_support.a(bootloader_utility.c.obj)
                                                  esp-idf/main/libmain.a(bootloader_start.c.obj)
bootloader_utility_load_partition_table           esp-idf/bootloader_support/libbootloader_support.a(bootloader_utility.c.obj)
                                                  esp-idf/main/libmain.a(bootloader_start.c.obj)
call_start_cpu                                    esp-idf/main/libmain.a(bootloader_start.c.obj)
crc16_le                                          esp-idf/esp8266/libesp8266.a(crc.c.obj)
crc32_le                                          esp-idf/esp8266/libesp8266.a(crc.c.obj)
                                                  esp-idf/esp8266/libesp8266.a(esp_fast_boot.c.obj)
                                                  esp-idf/bootloader_support/libbootloader_support.a(bootloader_common.c.obj)
en25q16x_read_sfdp                                esp-idf/spi_flash/libspi_flash.a(spi_flash.c.obj)
en25q16x_write_volatile_status                    esp-idf/spi_flash/libspi_flash.a(spi_flash.c.obj)
esp_crc8                                          esp-idf/esp8266/libesp8266.a(crc.c.obj)
esp_early_log_write                               esp-idf/log/liblog.a(log.c.obj)
                                                  esp-idf/esp8266/libesp8266.a(esp_fast_boot.c.obj)
                                                  esp-idf/spi_flash/libspi_flash.a(spi_flash.c.obj)
                                                  esp-idf/bootloader_support/libbootloader_support.a(flash_partitions.c.obj)
                                                  esp-idf/bootloader_support/libbootloader_support.a(bootloader_flash.c.obj)
                                                  esp-idf/bootloader_support/libbootloader_support.a(esp_image_format.c.obj)
                                                  esp-idf/bootloader_support/libbootloader_support.a(bootloader_utility.c.obj)
                                                  esp-idf/bootloader_support/libbootloader_support.a(bootloader_init.c.obj)
                                                  esp-idf/main/libmain.a(bootloader_start.c.obj)
esp_fast_boot_disable                             esp-idf/esp8266/libesp8266.a(esp_fast_boot.c.obj)
esp_fast_boot_get_info                            esp-idf/esp8266/libesp8266.a(esp_fast_boot.c.obj)
                                                  esp-idf/bootloader_support/libbootloader_support.a(bootloader_utility.c.obj)
esp_fast_boot_print_info                          esp-idf/esp8266/libesp8266.a(esp_fast_boot.c.obj)
esp_image_load                                    esp-idf/bootloader_support/libbootloader_support.a(esp_image_format.c.obj)
                                                  esp-idf/bootloader_support/libbootloader_support.a(bootloader_utility.c.obj)
esp_image_spi_freq_t                              esp-idf/spi_flash/libspi_flash.a(spi_flash.c.obj)
                                                  esp-idf/bootloader_support/libbootloader_support.a(esp_image_format.c.obj)
                                                  esp-idf/bootloader_support/libbootloader_support.a(bootloader_utility.c.obj)
                                                  esp-idf/bootloader_support/libbootloader_support.a(bootloader_init.c.obj)
                                                  esp-idf/main/libmain.a(bootloader_start.c.obj)
esp_image_verify_bootloader                       esp-idf/bootloader_support/libbootloader_support.a(esp_image_format.c.obj)
esp_log_early_timestamp                           esp-idf/log/liblog.a(log.c.obj)
                                                  esp-idf/bootloader_support/libbootloader_support.a(bootloader_common.c.obj)
esp_partition_table_basic_verify                  esp-idf/bootloader_support/libbootloader_support.a(flash_partitions.c.obj)
                                                  esp-idf/bootloader_support/libbootloader_support.a(bootloader_utility.c.obj)
esp_spi_flash_init                                esp-idf/spi_flash/libspi_flash.a(spi_flash.c.obj)
                                                  esp-idf/bootloader_support/libbootloader_support.a(bootloader_init.c.obj)
esp_task_wdt_reset                                esp-idf/spi_flash/libspi_flash.a(spi_flash.c.obj)
ets_io_vprintf                                    esp-idf/esp8266/libesp8266.a(ets_printf.c.obj)
ets_printf                                        esp-idf/esp8266/libesp8266.a(ets_printf.c.obj)
                                                  esp-idf/esp8266/libesp8266.a(esp_fast_boot.c.obj)
                                                  esp-idf/log/liblog.a(log.c.obj)
ets_putc                                          esp-idf/esp8266/libesp8266.a(ets_printf.c.obj)
ets_vprintf                                       esp-idf/esp8266/libesp8266.a(ets_printf.c.obj)
                                                  esp-idf/log/liblog.a(log.c.obj)
g_rom_flashchip                                   esp-idf/spi_flash/libspi_flash.a(spi_flash.c.obj)
                                                  esp-idf/bootloader_support/libbootloader_support.a(flash_partitions.c.obj)
gpio_input_get                                    esp-idf/bootloader_support/libbootloader_support.a(bootloader_common.c.obj)
memcpy                                            esp-idf/spi_flash/libspi_flash.a(spi_flash.c.obj)
                                                  esp-idf/bootloader_support/libbootloader_support.a(flash_partitions.c.obj)
                                                  esp-idf/bootloader_support/libbootloader_support.a(bootloader_utility.c.obj)
memset                                            esp-idf/bootloader_support/libbootloader_support.a(esp_image_format.c.obj)
                                                  esp-idf/bootloader_support/libbootloader_support.a(bootloader_utility.c.obj)
                                                  esp-idf/bootloader_support/libbootloader_support.a(bootloader_init.c.obj)
                                                  esp-idf/main/libmain.a(bootloader_start.c.obj)
phy_reg_default                                   /home/nano/esp/ESP8266_RTOS_SDK/components/esp8266/lib/libcore.a(phy.o)
                                                  esp-idf/bootloader_support/libbootloader_support.a(bootloader_init.c.obj)
rtc_sys_info                                      esp-idf/esp8266/libesp8266.a(esp_fast_boot.c.obj)
                                                  esp-idf/bootloader_support/libbootloader_support.a(bootloader_utility.c.obj)
special_flash_read_status                         esp-idf/spi_flash/libspi_flash.a(spi_flash.c.obj)
special_flash_set_mode                            esp-idf/spi_flash/libspi_flash.a(spi_flash.c.obj)
special_flash_write_status                        esp-idf/spi_flash/libspi_flash.a(spi_flash.c.obj)
spi_flash_cache2phys                              esp-idf/spi_flash/libspi_flash.a(spi_flash.c.obj)
spi_flash_check_wr_protect                        esp-idf/spi_flash/libspi_flash.a(spi_flash.c.obj)
spi_flash_enable_qmode_raw                        esp-idf/spi_flash/libspi_flash.a(spi_flash_raw.c.obj)
                                                  esp-idf/spi_flash/libspi_flash.a(spi_flash.c.obj)
spi_flash_erase_range                             esp-idf/spi_flash/libspi_flash.a(spi_flash.c.obj)
spi_flash_erase_sector                            esp-idf/spi_flash/libspi_flash.a(spi_flash.c.obj)
spi_flash_erase_sector_raw                        esp-idf/spi_flash/libspi_flash.a(spi_flash_raw.c.obj)
                                                  esp-idf/spi_flash/libspi_flash.a(spi_flash.c.obj)
spi_flash_get_chip_size                           esp-idf/spi_flash/libspi_flash.a(spi_flash.c.obj)
spi_flash_get_id                                  esp-idf/spi_flash/libspi_flash.a(spi_flash.c.obj)
spi_flash_get_id_raw                              esp-idf/spi_flash/libspi_flash.a(spi_flash_raw.c.obj)
                                                  esp-idf/spi_flash/libspi_flash.a(spi_flash.c.obj)
spi_flash_read                                    esp-idf/spi_flash/libspi_flash.a(spi_flash.c.obj)
spi_flash_read_raw                                esp-idf/spi_flash/libspi_flash.a(spi_flash_raw.c.obj)
                                                  esp-idf/spi_flash/libspi_flash.a(spi_flash.c.obj)
spi_flash_read_status                             esp-idf/spi_flash/libspi_flash.a(spi_flash.c.obj)
spi_flash_read_status_raw                         esp-idf/spi_flash/libspi_flash.a(spi_flash_raw.c.obj)
                                                  esp-idf/spi_flash/libspi_flash.a(spi_flash.c.obj)
spi_flash_switch_to_qio_raw                       esp-idf/spi_flash/libspi_flash.a(spi_flash_raw.c.obj)
                                                  esp-idf/spi_flash/libspi_flash.a(spi_flash.c.obj)
spi_flash_write                                   esp-idf/spi_flash/libspi_flash.a(spi_flash.c.obj)
spi_flash_write_raw                               esp-idf/spi_flash/libspi_flash.a(spi_flash_raw.c.obj)
                                                  esp-idf/spi_flash/libspi_flash.a(spi_flash.c.obj)
spi_flash_write_status                            esp-idf/spi_flash/libspi_flash.a(spi_flash.c.obj)
spi_flash_write_status_raw                        esp-idf/spi_flash/libspi_flash.a(spi_flash_raw.c.obj)
                                                  esp-idf/spi_flash/libspi_flash.a(spi_flash.c.obj)
spi_user_cmd                                      esp-idf/spi_flash/libspi_flash.a(spi_flash.c.obj)
spi_user_cmd_raw                                  esp-idf/spi_flash/libspi_flash.a(spi_flash_raw.c.obj)
                                                  esp-idf/spi_flash/libspi_flash.a(spi_flash.c.obj)
uart_buff_switch                                  /home/nano/esp/ESP8266_RTOS_SDK/components/esp8266/lib/libcore.a(uart.o)
uart_div_modify                                   /home/nano/esp/ESP8266_RTOS_SDK/components/esp8266/lib/libcore.a(uart.o)
                                                  esp-idf/bootloader_support/libbootloader_support.a(bootloader_init.c.obj)
user_spi_flash_dio_to_qio_pre_init                esp-idf/spi_flash/libspi_flash.a(spi_flash.c.obj)
